mise exec http:cosmocc -- rm.ape -rf build
mise exec zig -- zig build-obj -O Debug -target x86_64-freestanding -femit-bin=build/main.o main.zig
mise exec http:cosmocc -- fixupobj build/main.o
mise exec zig -- zig build-obj -O Debug -target aarch64-freestanding -femit-bin=build/.aarch64/main.o main.zig
mise exec http:cosmocc -- fixupobj build/.aarch64/main.o
mise exec http:cosmocc -- cosmocc -Os -mtiny -mclang -DTINY -D_COSMO_SOURCE -I. -v -o build/main.com build/main.o
# /root/.local/share/mise/installs/http-cosmocc/4.0.2/bin/cosmocc -Os -mtiny -mclang -DTINY -D_COSMO_SOURCE -I. -v -o build/main.com build/main.o
(cd /app; /root/.local/share/mise/installs/http-cosmocc/4.0.2/bin/x86_64-linux-cosmo-gcc -o/tmp/fatcosmocc.3xypgknnjdvh1.com.dbg /root/.local/share/mise/installs/http-cosmocc/4.0.2/bin/../x86_64-linux-cosmo/lib/tiny/ape.o /root/.local/share/mise/installs/http-cosmocc/4.0.2/bin/../x86_64-linux-cosmo/lib/tiny/crt.o -static -nostdlib -no-pie -fuse-ld=bfd -Wl,-z,noexecstack -Wl,-z,norelro -Wl,--gc-sections -L/root/.local/share/mise/installs/http-cosmocc/4.0.2/bin/../x86_64-linux-cosmo/lib/tiny -L/root/.local/share/mise/installs/http-cosmocc/4.0.2/bin/../x86_64-linux-cosmo/lib -Wl,-T,/root/.local/share/mise/installs/http-cosmocc/4.0.2/bin/../x86_64-linux-cosmo/lib/tiny/ape.lds -Wl,-z,common-page-size=4096 -Wl,-z,max-page-size=16384 -Os -DTINY -D_COSMO_SOURCE -I. build/main.o -lcosmo)
(cd /app; /root/.local/share/mise/installs/http-cosmocc/4.0.2/bin/aarch64-linux-cosmo-gcc -o/tmp/fatcosmocc.q7tqpboom1kd2.aarch64.elf /root/.local/share/mise/installs/http-cosmocc/4.0.2/bin/../aarch64-linux-cosmo/lib/tiny/crt.o -static -nostdlib -no-pie -fuse-ld=bfd -Wl,-z,noexecstack -Wl,-z,norelro -Wl,--gc-sections -L/root/.local/share/mise/installs/http-cosmocc/4.0.2/bin/../aarch64-linux-cosmo/lib/tiny -L/root/.local/share/mise/installs/http-cosmocc/4.0.2/bin/../aarch64-linux-cosmo/lib -Wl,-T,/root/.local/share/mise/installs/http-cosmocc/4.0.2/bin/../aarch64-linux-cosmo/lib/tiny/aarch64.lds -Wl,-z,common-page-size=16384 -Wl,-z,max-page-size=16384 -Os -DTINY -D_COSMO_SOURCE -I. build/.aarch64/main.o -lcosmo)
(cd /app; /root/.local/share/mise/installs/http-cosmocc/4.0.2/bin/fixupobj /tmp/fatcosmocc.q7tqpboom1kd2.aarch64.elf)
(cd /app; /root/.local/share/mise/installs/http-cosmocc/4.0.2/bin/fixupobj /tmp/fatcosmocc.3xypgknnjdvh1.com.dbg)
(cd /app; /root/.local/share/mise/installs/http-cosmocc/4.0.2/bin/apelink -V -1 -l /root/.local/share/mise/installs/http-cosmocc/4.0.2/bin/ape-x86_64.elf -l /root/.local/share/mise/installs/http-cosmocc/4.0.2/bin/ape-aarch64.elf -M /root/.local/share/mise/installs/http-cosmocc/4.0.2/bin/ape-m1.c -o build/main.com /tmp/fatcosmocc.3xypgknnjdvh1.com.dbg /tmp/fatcosmocc.q7tqpboom1kd2.aarch64.elf)
(cd /app; /root/.local/share/mise/installs/http-cosmocc/4.0.2/bin/pecheck build/main.com)
